// Jest Snapshot v1, https://goo.gl/fbAQLP

exports[`Super Admin dashboard snapshot should create a dashboard snapshot 1`] = `undefined`;
